 
program solar_eclipse
=====================
 
please input the initial calendar date
 
(month [1 - 12], day [1 - 31], year [yyyy])
< for example, october 21, 1986 is input as 10,21,1986 >
< b.c. dates are negative, a.d. dates are positive >
< the day of the month may also include a decimal part >
 
?  
please input the geographic latitude of the observer
(degrees [-90 to +90], minutes [0 - 60], seconds [0 - 60])
(north latitudes are positive, south latitudes are negative)
? 
please input the geographic longitude of the observer
(degrees [0 - 360], minutes [0 - 60], seconds [0 - 60])
(east longitude is positive, west longitude is negative)
?  
please input the altitude of the observer (meters)
(positive above sea level, negative below sea level)
?  
please input the search duration in days
?  
searching for solar eclipse ...
 
 
 
begin penumbral phase of solar eclipse
 
calendar date  	December	 	25	 	2000
 
UTC time       	15 hours 29 minutes 23.91 seconds
 
UTC julian day     	2451904.14541560
 
topocentric coordinates
 
lunar azimuth angle    	132 deg 9 min 29.65 sec
 
lunar elevation angle  	10 deg 35 min 42.02 sec
 
solar azimuth angle    	132 deg 8 min 30.41 sec
 
solar elevation angle  	10 deg 4 min 35.03 sec
 
 
greatest eclipse conditions
 
calendar date  	December	 	25	 	2000
 
UTC time       	16 hours 43 minutes 32.47 seconds
 
UTC julian day     	2451904.19690359
 
topocentric coordinates
 
lunar azimuth angle    	146 deg 40 min 53.36 sec
 
lunar elevation angle  	19 deg 34 min 59.64 sec
 
solar azimuth angle    	146 deg 53 min 27.85 sec
 
solar elevation angle  	19 deg 21 min 2.24 sec
 
 
end penumbral phase of solar eclipse
 
calendar date  	December	 	25	 	2000
 
UTC time       	18 hours 6 minutes 3.54 seconds
 
UTC julian day     	2451904.25420764
 
topocentric coordinates
 
lunar azimuth angle    	165 deg 38 min 46.45 sec
 
lunar elevation angle  	25 deg 48 min 46.82 sec
 
solar azimuth angle    	166 deg 12 min 32.05 sec
 
solar elevation angle  	25 deg 41 min 51.62 sec
 
event duration   	2.61100904 hours
 
Time taken : 	 0.005	 Seconds
