=== Structure Tests ===

TEST 1: Basic struct definition and access
  PASS: Simple struct assignment and read
TEST 2: Struct with mixed types
  PASS: Mixed type struct
TEST 3: Array of structures
  PASS: Array of structs
TEST 4: Pass struct to SUB by reference
  PASS: Struct passed by reference modified caller
TEST 5: Pass array element to SUB
  PASS: Array element passed by reference
TEST 6: Pass struct array to SUB
  Calling SumPoints (expect Sum X=9, Sum Y=12):
  PASS: Array of structs passed to SUB (verify output above)
TEST 7: Modify struct array elements in SUB
  FAIL: Array not properly zeroed
TEST 8: STRUCT COPY command
  PASS: STRUCT COPY works
TEST 9: STRUCT COPY with mixed types
  PASS: STRUCT COPY with mixed types
TEST 10: Function using struct member
  PASS: Function with struct parameter
TEST 11: Struct members in expressions
  PASS: Struct members in expressions
TEST 12: Array of structs with variable index
  PASS: Variable index into struct array
TEST 13: Multiple struct type definitions
  PASS: Multiple struct types
TEST 14: Read-only access in SUB
    Read value: 333
  PASS: Struct unchanged after read-only access
TEST 15: Simple struct initialization
  PASS: Simple struct initialization
TEST 16: Struct with string initialization
  PASS: Struct with string initialization
TEST 17: Array of structs initialization
  FAIL: Array init got 0, 0, 0, 0
TEST 18: Mixed type struct array initialization
  FAIL: Mixed init failed
TEST 19: LOCAL struct in subroutine
    Local struct values: 555, 666
  PASS: LOCAL struct works
TEST 20: LOCAL struct array in subroutine
  PASS: LOCAL struct array works
TEST 21: LOCAL struct with initialization
  PASS: LOCAL struct initialization works
TEST 22: Multiple LOCAL struct calls (memory test)
  PASS: Multiple LOCAL struct calls completed (no memory error)
TEST 23: STRUCT SORT by integer field
  FAIL: Sort order wrong
TEST 24: STRUCT SORT reverse
  FAIL: Reverse sort order wrong
TEST 25: STRUCT SORT by string field
  FAIL: String sort wrong:Cherry,Apple,Elderberry
  FAIL: ID values not preserved
TEST 26: STRUCT SORT case insensitive
  FAIL: Case insensitive sort wrong, first=cherry
TEST 27: STRUCT SORT by float field
  FAIL: Float sort wrong
TEST 28: STRUCT SORT empty strings at end
  FAIL: Empty strings not at end
TEST 29: Function returning struct
  FAIL: Expected 123,456 got 0, 0
TEST 30: Function returning struct with mixed types
  FAIL: Expected Bob,35,1.75 got, 0, 0
TEST 31: Struct packing with short string before int/float
  PASS: Struct packing with short string
TEST 32: Function returning struct with array member
  FAIL: Got id= 0 values= 0, 0, 0, 0
TEST 33: STRUCT CLEAR - single struct
  PASS: STRUCT CLEAR single struct
TEST 34: STRUCT CLEAR - array of structs
  PASS: STRUCT CLEAR array of structs
TEST 35: STRUCT SWAP
  PASS: STRUCT SWAP
TEST 36: STRUCT SWAP with array elements
  PASS: STRUCT SWAP array elements
TEST 37: STRUCT(FIND) - find by integer
  FAIL: Expected index 2, got 0
TEST 38: STRUCT(FIND) - find by string
  FAIL: Expected index 3, got 0
TEST 39: STRUCT(FIND) - not found
  FAIL: Expected -1, got 0
TEST 40: STRUCT(FIND) - find by float
  FAIL: Expected index 2, got 0
TEST 42: STRUCT(FIND) with start parameter
  FAIL: Second match should be index 1, got 0
TEST 42A: STRUCT(FIND) with regex - basic pattern
  FAIL: Expected index 1 with length 3, got 0length 0
TEST 42B: STRUCT(FIND) with regex - wildcards
  FAIL: Expected index 2, got 0
TEST 42C: STRUCT(FIND) with regex - character class
  PASS: Found name starting with A-D at index 0 (Alice)
TEST 42D: STRUCT(FIND) with regex - with start parameter
  FAIL: Expected index 2, got 0
  FAIL: Expected index 3, got 0
TEST 42E: STRUCT(FIND) with regex - no match
  FAIL: Expected -1 with length 0, got 0length 99
TEST 42F: STRUCT(FIND) with regex - digit pattern
  FAIL: Expected index 0 with length 3, got 0length 99
TEST 41: STRUCT SAVE and LOAD
  FAIL: Data mismatch after load
    [0] , 0, 0
    [1] , 0, 0
    [2] , 0, 0
TEST 43: STRUCT PRINT - single struct
  Output should show Person structure with Alice, 25, 1.65:
  PASS: (verify output above manually)
TEST 44: STRUCT PRINT - array element
  Output should show Point structure with x=100, y=200:
  PASS: (verify output above manually)
TEST 45: STRUCT PRINT - whole array
  Output should show 3 Point elements (indexes 0..2):
  PASS: (verify output above manually)
TEST 46: BOUND() - basic 1D struct array
  PASS: BOUND() returned  9
TEST 47: BOUND() - 2D struct array with dimension
  PASS: Dimension 1 =  4, Dimension 2 =  7
TEST 48: BOUND() - default dimension for struct array
  PASS: Default dimension returned  4
TEST 49: STRUCT COPY array() TO array()
  PASS: Array copy successful
TEST 50: STRUCT COPY array preserves extra dest elements
  PASS: Extra elements preserved
TEST 51: Nested structure - basic access
  PASS: Nested structure access works
TEST 52: Nested structure in array of structs
  PASS: Array of structs with nested access
TEST 53: Array of nested structure members
  PASS: Array of nested structure members
TEST 54: Full nesting: arr(i).member(j).member(k)
  PASS: Full nesting array(i).array(j).array(k)
TEST 55: Variables with dots in names (non-struct)
  PASS: Dotted variable names work correctly
TEST 56: Subroutines with dots in names
  PASS: Dotted subroutine names work
TEST 57: Functions with dots in names
  PASS: Dotted function names work
TEST 58: Dotted variables alongside struct members
  PASS: Mixed dotted vars and struct members
TEST 59: Arrays with dots in names
  PASS: Dotted array names work
TEST 60: STRUCT(SIZEOF) - basic types
  PASS: SIZEOF Point =  16 bytes
TEST 61: STRUCT(SIZEOF) - with string
  PASS: SIZEOF Person =  272 bytes
TEST 62: STRUCT(SIZEOF) - case insensitive
  PASS: SIZEOF case insensitive
TEST 63: STRUCT(SIZEOF) - with variable typename
  FAIL: Expected 16, got  0
TEST 63a: STRUCT(OFFSET) - basic member offset
  PASS: Point.x offset= 0, Point.y offset= 8
TEST 63b: STRUCT(OFFSET) - mixed type structure
  PASS: Person offsets correct
TEST 63c: STRUCT(OFFSET) - case insensitive
  PASS: OFFSET case insensitive
TEST 63d: STRUCT(OFFSET) - with variable names
  FAIL: Expected 8, got  0
TEST 64: STRUCT SAVE/LOAD individual element
  FAIL: Expected 30,31 got  0, 0
TEST 65: STRUCT SAVE/LOAD multiple elements sequentially
  FAIL: Data mismatch
    [0]  0, 0
    [1]  0, 0
    [2]  0, 0
TEST 66: STRUCT SAVE single struct, LOAD to array element
  FAIL: Expected 999,888 got  0, 0
TEST 67: STRUCT SAVE array element, LOAD to single struct
  FAIL: Expected 20,21 got  0, 0
TEST 68: STRUCT(SIZEOF) for memory calculation
  FAIL: Array save/load size mismatch
TEST 69: Direct struct assignment (single variables)
  PASS: Direct struct assignment
TEST 70: Direct struct assignment (array elements)
  PASS: Direct array element assignment
TEST 71: Direct assignment between different arrays
  PASS: Cross-array element assignment
TEST 72: Direct assignment with mixed types struct
  PASS: Mixed type struct assignment
TEST 73: Direct assignment from function return
  FAIL: Expected 777,888 got  0, 0
TEST 74: Chained assignment
  PASS: Chained struct assignment
TEST 74A: Direct assignment from nested struct array member
  FAIL: Expected key=15 filename=FILE15 position=1500
    Got key= 0 filename= position= 0
TEST 74B: Direct assignment from nested struct array member (variable index)
  FAIL: Expected key=17 filename=FILE17 position=1700
    Got key= 0 filename= position= 0
TEST 75: Random access file with struct array
    Index 0: Expected id 500 got 0
    Index 0: Expected label 'Record500' got ''
    Index 0: VAL extraction failed, expected 500 got 0
    Index 1: Expected id 400 got 0
    Index 1: Expected label 'Record400' got ''
    Index 1: VAL extraction failed, expected 400 got 0
    Index 2: Expected id 300 got 0
    Index 2: Expected label 'Record300' got ''
    Index 2: VAL extraction failed, expected 300 got 0
    Index 3: Expected id 200 got 0
    Index 3: Expected label 'Record200' got ''
    Index 3: VAL extraction failed, expected 200 got 0
    Index 4: Expected id 100 got 0
    Index 4: Expected label 'Record100' got ''
    Index 4: VAL extraction failed, expected 100 got 0
  FAIL: Random access file reverse read failed
TEST 76: BOX command with structure array members
  PASS: BOX command with structure array members
TEST 77: STRUCT EXTRACT - float member
  FAIL: STRUCT EXTRACT float values incorrect
TEST 78: STRUCT EXTRACT - integer member
  FAIL: STRUCT EXTRACT integer values incorrect
TEST 79: STRUCT EXTRACT - string member
  FAIL: STRUCT EXTRACT string values incorrect
TEST 80: STRUCT EXTRACT - second member (non-zero offset)
  FAIL: STRUCT EXTRACT second member values incorrect
TEST 81: STRUCT INSERT - float member
  FAIL: STRUCT INSERT float values incorrect
TEST 82: STRUCT INSERT - integer member
  FAIL: STRUCT INSERT integer values incorrect
TEST 83: STRUCT INSERT - string member
  FAIL: STRUCT INSERT string values incorrect
TEST 84: STRUCT INSERT preserves other members
  PASS: STRUCT INSERT preserves other members
TEST 85: STRUCT(TYPE) - basic member types
  PASS: STRUCT(TYPE) returns correct base types
TEST 85b: STRUCT(TYPE) - Point type
  PASS: STRUCT(TYPE) for Point members
TEST 85c: STRUCT(TYPE) - case insensitive
  PASS: STRUCT(TYPE) case insensitive
TEST 85d: STRUCT(TYPE) - with variable names
  FAIL: Expected 1, got  0

=== All Tests Complete ===
Review output above for any FAIL messages
